// Bun Snapshot v1, https://goo.gl/fbAQLP

exports[`Snapshot of document structure (advanced) snaps consistent node tree after sequential operations 1`] = `"<p></p>X?Y"`;
